// Jest Snapshot v1, https://goo.gl/fbAQLP

exports[`Analytics component should render as expected 1`] = `
<div>
  <h2
    className="title"
  >
    Analytics
  </h2>
</div>
`;
