// Jest Snapshot v1, https://goo.gl/fbAQLP

exports[`ServiceDetails component should render as expected 1`] = `
<div>
  <Services />
</div>
`;
