// Jest Snapshot v1, https://goo.gl/fbAQLP

exports[`Button1 component should render as expected 1`] = `
<button
  className="button1"
/>
`;
