// Jest Snapshot v1, https://goo.gl/fbAQLP

exports[`E404 component should render as expected 1`] = `
<div>
  <h2
    className="title"
  >
    Whop! there are nothing to see here c:
  </h2>
</div>
`;
